main.c:65:6:counter	4	static
main.c:69:6:led1_blinking	48	static
main.c:78:6:led2_blinking	48	static
main.c:87:6:led3_blinking	48	static
main.c:96:6:led4_blinking	48	static
main.c:105:6:led5_blinking	48	static
main.c:114:6:led6_blinking	48	static
main.c:130:5:main	8	static
main.c:184:6:SystemClock_Config	72	static
main.c:220:13:MX_TIM2_Init	32	static
main.c:265:13:MX_USART2_UART_Init	8	static
main.c:298:13:MX_GPIO_Init	32	static
main.c:321:6:HAL_TIM_PeriodElapsedCallback	16	static
main.c:330:6:Error_Handler	4	static,ignoring_inline_asm
